Archive member included because of file (symbol)

/home/yannanli/msp430-gcc/lib/gcc/msp430-elf/9.2.0/430/libgcc.a(lib2divSI.o)
                              1.o (__mspabi_divli)
/home/yannanli/msp430-gcc/lib/gcc/msp430-elf/9.2.0/430/libgcc.a(epilogue.o)
                              /home/yannanli/msp430-gcc/lib/gcc/msp430-elf/9.2.0/430/libgcc.a(lib2divSI.o) (__mspabi_func_epilog_6)
/home/yannanli/msp430-gcc/lib/gcc/msp430-elf/9.2.0/430/libgcc.a(_udivdi3.o)
                              /home/yannanli/msp430-gcc/lib/gcc/msp430-elf/9.2.0/430/libgcc.a(lib2divSI.o) (__mspabi_divull)
/home/yannanli/msp430-gcc/lib/gcc/msp430-elf/9.2.0/430/libgcc.a(slli.o)
                              /home/yannanli/msp430-gcc/lib/gcc/msp430-elf/9.2.0/430/libgcc.a(_udivdi3.o) (__mspabi_sllll)
/home/yannanli/msp430-gcc/lib/gcc/msp430-elf/9.2.0/430/libgcc.a(srli.o)
                              /home/yannanli/msp430-gcc/lib/gcc/msp430-elf/9.2.0/430/libgcc.a(_udivdi3.o) (__mspabi_srlll)
/home/yannanli/msp430-gcc/lib/gcc/msp430-elf/9.2.0/430/libgcc.a(_clzdi2.o)
                              /home/yannanli/msp430-gcc/lib/gcc/msp430-elf/9.2.0/430/libgcc.a(_udivdi3.o) (__clzdi2)
/home/yannanli/msp430-gcc/lib/gcc/msp430-elf/9.2.0/430/libgcc.a(_clz.o)
                              /home/yannanli/msp430-gcc/lib/gcc/msp430-elf/9.2.0/430/libgcc.a(_clzdi2.o) (__clz_tab)
/home/yannanli/msp430-gcc/lib/gcc/msp430-elf/9.2.0/430/libmul_none.a(lib2_mul_none.o)
                              1.o (__mspabi_mpyl)
/home/yannanli/msp430-gcc/lib/gcc/msp430-elf/9.2.0/430/libmul_none.a(mpy.o)
                              1.o (__mspabi_mpyi)
/usr/lib/gcc/msp430/4.6.3/../../../../msp430/lib/mmpy-16/libc.a(memcpy.o)
                              1.o (memcpy)
/usr/lib/gcc/msp430/4.6.3/../../../../msp430/lib/mmpy-16/libc.a(puts.o)
                              cputest.co (puts)
/usr/lib/gcc/msp430/4.6.3/mmpy-16/libcrt0.a(_reset_vector__.o)
                              /usr/lib/gcc/msp430/4.6.3/mmpy-16/crt0ivtbl16.o (_reset_vector__)
/usr/lib/gcc/msp430/4.6.3/mmpy-16/libcrt0.a(__watchdog_support.o)
                              /usr/lib/gcc/msp430/4.6.3/mmpy-16/libcrt0.a(_reset_vector__.o) (__watchdog_support)
/usr/lib/gcc/msp430/4.6.3/mmpy-16/libcrt0.a(__init_stack.o)
                              /usr/lib/gcc/msp430/4.6.3/mmpy-16/libcrt0.a(_reset_vector__.o) (__init_stack)
/usr/lib/gcc/msp430/4.6.3/mmpy-16/libcrt0.a(__low_level_init.o)
                              /usr/lib/gcc/msp430/4.6.3/mmpy-16/libcrt0.a(_reset_vector__.o) (__low_level_init)
/usr/lib/gcc/msp430/4.6.3/mmpy-16/libcrt0.a(_copy_data.o)
                              /usr/lib/gcc/msp430/4.6.3/mmpy-16/libcrt0.a(_reset_vector__.o) (__do_copy_data)
/usr/lib/gcc/msp430/4.6.3/mmpy-16/libcrt0.a(_clear_bss.o)
                              /usr/lib/gcc/msp430/4.6.3/mmpy-16/libcrt0.a(_reset_vector__.o) (__do_clear_bss)
/usr/lib/gcc/msp430/4.6.3/mmpy-16/libcrt0.a(__stop_progExec__.o)
                              /usr/lib/gcc/msp430/4.6.3/mmpy-16/libcrt0.a(_reset_vector__.o) (__stop_progExec__)
/usr/lib/gcc/msp430/4.6.3/mmpy-16/libcrt0.a(_endless_loop__.o)
                              /usr/lib/gcc/msp430/4.6.3/mmpy-16/libcrt0.a(_reset_vector__.o) (_endless_loop__)
/usr/lib/gcc/msp430/4.6.3/mmpy-16/libcrt0.a(_unexpected_.o)
                              /usr/lib/gcc/msp430/4.6.3/mmpy-16/crt0ivtbl16.o (_unexpected_)

Memory Configuration

Name             Origin             Length             Attributes
sfr              0x0000000000000000 0x0000000000000010
peripheral_8bit  0x0000000000000010 0x00000000000000f0
peripheral_16bit 0x0000000000000100 0x0000000000000100
ram_mirror       0x0000000000000200 0x0000000000000800 xw
infomem          0x0000000000001000 0x0000000000000100
infob            0x0000000000001000 0x0000000000000080
infoa            0x0000000000001080 0x0000000000000080
ram              0x0000000000001100 0x0000000000002800 xw
rom              0x0000000000004000 0x000000000000bfe0 xr
vectors          0x000000000000ffe0 0x0000000000000020
bsl              0x0000000000000000 0x0000000000000000
infoc            0x0000000000000000 0x0000000000000000
infod            0x0000000000000000 0x0000000000000000
ram2             0x0000000000000000 0x0000000000000000 xw
usbram           0x0000000000000000 0x0000000000000000 xw
far_rom          0x0000000000000000 0x0000000000000000
*default*        0x0000000000000000 0xffffffffffffffff

Linker script and memory map

LOAD /usr/lib/gcc/msp430/4.6.3/mmpy-16/crt0ivtbl16.o
LOAD 1.o
LOAD /home/yannanli/msp430-gcc/lib/gcc/msp430-elf/9.2.0/430/libgcc.a
LOAD /home/yannanli/msp430-gcc/lib/gcc/msp430-elf/9.2.0/430/libmul_none.a
LOAD cputest.co
LOAD msp430setup.o
LOAD /usr/lib/gcc/msp430/4.6.3/mmpy-16/libgcc.a
LOAD /usr/lib/gcc/msp430/4.6.3/../../../../msp430/lib/mmpy-16/libc.a
LOAD /usr/lib/gcc/msp430/4.6.3/mmpy-16/libgcc.a
LOAD /usr/lib/gcc/msp430/4.6.3/mmpy-16/libcrt0.a
                0x0000000000000080                PROVIDE (__info_segment_size, 0x80)
                0x0000000000001000                PROVIDE (__infob, 0x1000)
                0x0000000000001080                PROVIDE (__infoa, 0x1080)
                0x0000000000000000                __IE1 = 0x0
                0x0000000000000002                __IFG1 = 0x2
                0x0000000000000004                __ME1 = 0x4
                0x0000000000000001                __IE2 = 0x1
                0x0000000000000003                __IFG2 = 0x3
                0x0000000000000005                __ME2 = 0x5
                0x0000000000000120                __WDTCTL = 0x120
                0x0000000000000130                __MPY = 0x130
                0x0000000000000132                __MPYS = 0x132
                0x0000000000000134                __MAC = 0x134
                0x0000000000000136                __MACS = 0x136
                0x0000000000000138                __OP2 = 0x138
                0x000000000000013a                __RESLO = 0x13a
                0x000000000000013c                __RESHI = 0x13c
                0x000000000000013e                __SUMEXT = 0x13e
                0x0000000000000020                __P1IN = 0x20
                0x0000000000000021                __P1OUT = 0x21
                0x0000000000000022                __P1DIR = 0x22
                0x0000000000000023                __P1IFG = 0x23
                0x0000000000000024                __P1IES = 0x24
                0x0000000000000025                __P1IE = 0x25
                0x0000000000000026                __P1SEL = 0x26
                0x0000000000000028                __P2IN = 0x28
                0x0000000000000029                __P2OUT = 0x29
                0x000000000000002a                __P2DIR = 0x2a
                0x000000000000002b                __P2IFG = 0x2b
                0x000000000000002c                __P2IES = 0x2c
                0x000000000000002d                __P2IE = 0x2d
                0x000000000000002e                __P2SEL = 0x2e
                0x0000000000000018                __P3IN = 0x18
                0x0000000000000019                __P3OUT = 0x19
                0x000000000000001a                __P3DIR = 0x1a
                0x000000000000001b                __P3SEL = 0x1b
                0x000000000000001c                __P4IN = 0x1c
                0x000000000000001d                __P4OUT = 0x1d
                0x000000000000001e                __P4DIR = 0x1e
                0x000000000000001f                __P4SEL = 0x1f
                0x0000000000000030                __P5IN = 0x30
                0x0000000000000031                __P5OUT = 0x31
                0x0000000000000032                __P5DIR = 0x32
                0x0000000000000033                __P5SEL = 0x33
                0x0000000000000034                __P6IN = 0x34
                0x0000000000000035                __P6OUT = 0x35
                0x0000000000000036                __P6DIR = 0x36
                0x0000000000000037                __P6SEL = 0x37
                0x0000000000000070                __U0CTL = 0x70
                0x0000000000000071                __U0TCTL = 0x71
                0x0000000000000072                __U0RCTL = 0x72
                0x0000000000000073                __U0MCTL = 0x73
                0x0000000000000074                __U0BR0 = 0x74
                0x0000000000000075                __U0BR1 = 0x75
                0x0000000000000076                __U0RXBUF = 0x76
                0x0000000000000077                __U0TXBUF = 0x77
                0x0000000000000078                __U1CTL = 0x78
                0x0000000000000079                __U1TCTL = 0x79
                0x000000000000007a                __U1RCTL = 0x7a
                0x000000000000007b                __U1MCTL = 0x7b
                0x000000000000007c                __U1BR0 = 0x7c
                0x000000000000007d                __U1BR1 = 0x7d
                0x000000000000007e                __U1RXBUF = 0x7e
                0x000000000000007f                __U1TXBUF = 0x7f
                0x0000000000000050                __I2CIE = 0x50
                0x0000000000000051                __I2CIFG = 0x51
                0x0000000000000052                __I2CNDAT = 0x52
                0x0000000000000071                __I2CTCTL = 0x71
                0x0000000000000072                __I2CDCTL = 0x72
                0x0000000000000073                __I2CPSC = 0x73
                0x0000000000000074                __I2CSCLH = 0x74
                0x0000000000000075                __I2CSCLL = 0x75
                0x0000000000000076                __I2CDRB = 0x76
                0x0000000000000076                __I2CDRW = 0x76
                0x0000000000000118                __I2COA = 0x118
                0x000000000000011a                __I2CSA = 0x11a
                0x000000000000011c                __I2CIV = 0x11c
                0x000000000000012e                __TAIV = 0x12e
                0x0000000000000160                __TACTL = 0x160
                0x0000000000000162                __TACCTL0 = 0x162
                0x0000000000000164                __TACCTL1 = 0x164
                0x0000000000000166                __TACCTL2 = 0x166
                0x0000000000000170                __TAR = 0x170
                0x0000000000000172                __TACCR0 = 0x172
                0x0000000000000174                __TACCR1 = 0x174
                0x0000000000000176                __TACCR2 = 0x176
                0x000000000000011e                __TBIV = 0x11e
                0x0000000000000180                __TBCTL = 0x180
                0x0000000000000182                __TBCCTL0 = 0x182
                0x0000000000000184                __TBCCTL1 = 0x184
                0x0000000000000186                __TBCCTL2 = 0x186
                0x0000000000000188                __TBCCTL3 = 0x188
                0x000000000000018a                __TBCCTL4 = 0x18a
                0x000000000000018c                __TBCCTL5 = 0x18c
                0x000000000000018e                __TBCCTL6 = 0x18e
                0x0000000000000190                __TBR = 0x190
                0x0000000000000192                __TBCCR0 = 0x192
                0x0000000000000194                __TBCCR1 = 0x194
                0x0000000000000196                __TBCCR2 = 0x196
                0x0000000000000198                __TBCCR3 = 0x198
                0x000000000000019a                __TBCCR4 = 0x19a
                0x000000000000019c                __TBCCR5 = 0x19c
                0x000000000000019e                __TBCCR6 = 0x19e
                0x0000000000000056                __DCOCTL = 0x56
                0x0000000000000057                __BCSCTL1 = 0x57
                0x0000000000000058                __BCSCTL2 = 0x58
                0x0000000000000055                __SVSCTL = 0x55
                0x0000000000000128                __FCTL1 = 0x128
                0x000000000000012a                __FCTL2 = 0x12a
                0x000000000000012c                __FCTL3 = 0x12c
                0x0000000000000059                __CACTL1 = 0x59
                0x000000000000005a                __CACTL2 = 0x5a
                0x000000000000005b                __CAPD = 0x5b
                0x00000000000001a0                __ADC12CTL0 = 0x1a0
                0x00000000000001a2                __ADC12CTL1 = 0x1a2
                0x00000000000001a4                __ADC12IFG = 0x1a4
                0x00000000000001a6                __ADC12IE = 0x1a6
                0x00000000000001a8                __ADC12IV = 0x1a8
                0x0000000000000140                __ADC12MEM0 = 0x140
                0x0000000000000142                __ADC12MEM1 = 0x142
                0x0000000000000144                __ADC12MEM2 = 0x144
                0x0000000000000146                __ADC12MEM3 = 0x146
                0x0000000000000148                __ADC12MEM4 = 0x148
                0x000000000000014a                __ADC12MEM5 = 0x14a
                0x000000000000014c                __ADC12MEM6 = 0x14c
                0x000000000000014e                __ADC12MEM7 = 0x14e
                0x0000000000000150                __ADC12MEM8 = 0x150
                0x0000000000000152                __ADC12MEM9 = 0x152
                0x0000000000000154                __ADC12MEM10 = 0x154
                0x0000000000000156                __ADC12MEM11 = 0x156
                0x0000000000000158                __ADC12MEM12 = 0x158
                0x000000000000015a                __ADC12MEM13 = 0x15a
                0x000000000000015c                __ADC12MEM14 = 0x15c
                0x000000000000015e                __ADC12MEM15 = 0x15e
                0x0000000000000080                __ADC12MCTL0 = 0x80
                0x0000000000000081                __ADC12MCTL1 = 0x81
                0x0000000000000082                __ADC12MCTL2 = 0x82
                0x0000000000000083                __ADC12MCTL3 = 0x83
                0x0000000000000084                __ADC12MCTL4 = 0x84
                0x0000000000000085                __ADC12MCTL5 = 0x85
                0x0000000000000086                __ADC12MCTL6 = 0x86
                0x0000000000000087                __ADC12MCTL7 = 0x87
                0x0000000000000088                __ADC12MCTL8 = 0x88
                0x0000000000000089                __ADC12MCTL9 = 0x89
                0x000000000000008a                __ADC12MCTL10 = 0x8a
                0x000000000000008b                __ADC12MCTL11 = 0x8b
                0x000000000000008c                __ADC12MCTL12 = 0x8c
                0x000000000000008d                __ADC12MCTL13 = 0x8d
                0x000000000000008e                __ADC12MCTL14 = 0x8e
                0x000000000000008f                __ADC12MCTL15 = 0x8f
                0x00000000000001c0                __DAC12_0CTL = 0x1c0
                0x00000000000001c2                __DAC12_1CTL = 0x1c2
                0x00000000000001c8                __DAC12_0DAT = 0x1c8
                0x00000000000001ca                __DAC12_1DAT = 0x1ca
                0x0000000000000122                __DMACTL0 = 0x122
                0x0000000000000124                __DMACTL1 = 0x124
                0x00000000000001e0                __DMA0CTL = 0x1e0
                0x00000000000001e8                __DMA1CTL = 0x1e8
                0x00000000000001f0                __DMA2CTL = 0x1f0
                0x00000000000001e2                __DMA0SA = 0x1e2
                0x00000000000001e4                __DMA0DA = 0x1e4
                0x00000000000001e6                __DMA0SZ = 0x1e6
                0x00000000000001ea                __DMA1SA = 0x1ea
                0x00000000000001ec                __DMA1DA = 0x1ec
                0x00000000000001ee                __DMA1SZ = 0x1ee
                0x00000000000001f2                __DMA2SA = 0x1f2
                0x00000000000001f4                __DMA2DA = 0x1f4
                0x00000000000001f6                __DMA2SZ = 0x1f6

.hash
 *(.hash)

.dynsym
 *(.dynsym)

.dynstr
 *(.dynstr)

.gnu.version
 *(.gnu.version)

.gnu.version_d
 *(.gnu.version_d)

.gnu.version_r
 *(.gnu.version_r)

.rel.init
 *(.rel.init)

.rela.init
 *(.rela.init)

.rel.fini
 *(.rel.fini)

.rela.fini
 *(.rela.fini)

.rel.text
 *(.rel.text .rel.text.* .rel.gnu.linkonce.t.*)

.rela.text
 *(.rela.text .rela.text.* .rela.gnu.linkonce.t.*)

.rel.rodata
 *(.rel.rodata .rel.rodata.* .rel.gnu.linkonce.r.*)

.rela.rodata
 *(.rela.rodata .rela.rodata.* .rela.gnu.linkonce.r.*)

.rel.data
 *(.rel.data .rel.data.* .rel.gnu.linkonce.d.*)

.rela.data
 *(.rela.data .rela.data.* .rela.gnu.linkonce.d.*)

.rel.bss
 *(.rel.bss .rel.bss.* .rel.gnu.linkonce.b.*)

.rela.bss
 *(.rela.bss .rela.bss.* .rela.gnu.linkonce.b.*)

.rel.ctors
 *(.rel.ctors)

.rela.ctors
 *(.rela.ctors)

.rel.dtors
 *(.rel.dtors)

.rela.dtors
 *(.rela.dtors)

.rel.got
 *(.rel.got)

.rela.got
 *(.rela.got)

.rel.plt
 *(.rel.plt)

.rela.plt
 *(.rela.plt)

.text           0x0000000000004000     0x346a
                0x0000000000004000                . = ALIGN (0x2)
 *(.init .init.*)
 *(.init0)
 .init0         0x0000000000004000        0x0 /usr/lib/gcc/msp430/4.6.3/mmpy-16/libcrt0.a(_reset_vector__.o)
                0x0000000000004000                _reset_vector__
 *(.init1)
 .init1         0x0000000000004000        0xc /usr/lib/gcc/msp430/4.6.3/mmpy-16/libcrt0.a(__watchdog_support.o)
                0x0000000000004000                __watchdog_support
 *(.init2)
 .init2         0x000000000000400c        0x4 /usr/lib/gcc/msp430/4.6.3/mmpy-16/libcrt0.a(__init_stack.o)
                0x000000000000400c                __init_stack
 *(.init3)
 .init3         0x0000000000004010        0x0 /usr/lib/gcc/msp430/4.6.3/mmpy-16/libcrt0.a(__low_level_init.o)
                0x0000000000004010                __low_level_init
 *(.init4)
 .init4         0x0000000000004010       0x18 /usr/lib/gcc/msp430/4.6.3/mmpy-16/libcrt0.a(_copy_data.o)
                0x0000000000004010                __do_copy_data
 .init4         0x0000000000004028       0x16 /usr/lib/gcc/msp430/4.6.3/mmpy-16/libcrt0.a(_clear_bss.o)
                0x0000000000004028                __do_clear_bss
 *(.init5)
 *(.init6)
 *(.init7)
 *(.init8)
 *(.init9)
 .init9         0x000000000000403e       0x12 cputest.co
                0x000000000000403e                main
 *(.fini9)
 .fini9         0x0000000000004050        0x0 /usr/lib/gcc/msp430/4.6.3/mmpy-16/libcrt0.a(__stop_progExec__.o)
                0x0000000000004050                __stop_progExec__
 *(.fini8)
 *(.fini7)
 *(.fini6)
 *(.fini5)
 *(.fini4)
 *(.fini3)
 *(.fini2)
 *(.fini1)
 *(.fini0)
 .fini0         0x0000000000004050        0x6 /usr/lib/gcc/msp430/4.6.3/mmpy-16/libcrt0.a(_endless_loop__.o)
                0x0000000000004050                _endless_loop__
 *(.fini .fini.*)
                0x0000000000004056                . = ALIGN (0x2)
                0x0000000000004056                __ctors_start = .
 *(.ctors)
                0x0000000000004056                __ctors_end = .
                0x0000000000004056                __dtors_start = .
 *(.dtors)
                0x0000000000004056                __dtors_end = .
                0x0000000000004056                . = ALIGN (0x2)
 *(.text .text.* .gnu.linkonce.t.*)
 .text          0x0000000000004056        0x4 /usr/lib/gcc/msp430/4.6.3/mmpy-16/crt0ivtbl16.o
                0x0000000000004056                __isr_14
                0x0000000000004056                __isr_4
                0x0000000000004056                __isr_11
                0x0000000000004056                __isr_5
                0x0000000000004056                __isr_2
                0x0000000000004056                __isr_10
                0x0000000000004056                __isr_7
                0x0000000000004056                __isr_0
                0x0000000000004056                __isr_8
                0x0000000000004056                __isr_12
                0x0000000000004056                __isr_13
                0x0000000000004056                __isr_9
                0x0000000000004056                __isr_6
                0x0000000000004056                __isr_1
 .text.crt0     0x000000000000405a        0x0 /usr/lib/gcc/msp430/4.6.3/mmpy-16/crt0ivtbl16.o
 .text          0x000000000000405a     0x28d4 1.o
                0x000000000000405a                mm_memset
                0x00000000000040e0                mm_memcpy
                0x000000000000416a                xor_buf
                0x0000000000004282                ccm_prepare_first_ctr_blk
                0x00000000000042ee                ccm_prepare_first_format_blk
                0x0000000000004448                ccm_format_assoc_data
                0x00000000000045b0                ccm_format_payload_data
                0x0000000000004704                SubWord
                0x00000000000047d0                aes_key_setup
                0x0000000000004b1c                AddRoundKey
                0x0000000000004d10                SubBytes
                0x0000000000004e1e                InvSubBytes
                0x0000000000004f2c                ShiftRows
                0x0000000000005010                InvShiftRows
                0x00000000000050f4                MixColumns
                0x0000000000005760                InvMixColumns
                0x0000000000005f4c                aes_encrypt
                0x000000000000633c                aes_decrypt
                0x0000000000006730                increment_CNT
                0x00000000000067f6                CTR_Blk_encrypt
                0x0000000000006858                my_main
 .text          0x000000000000692e        0x4 /home/yannanli/msp430-gcc/lib/gcc/msp430-elf/9.2.0/430/libgcc.a(lib2divSI.o)
                0x000000000000692e                __mspabi_divllu
 .text.udivmodsi4
                0x0000000000006932       0x90 /home/yannanli/msp430-gcc/lib/gcc/msp430-elf/9.2.0/430/libgcc.a(lib2divSI.o)
                0x0000000000006932                udivmodsi4
 .text.__divsi3
                0x00000000000069c2       0x50 /home/yannanli/msp430-gcc/lib/gcc/msp430-elf/9.2.0/430/libgcc.a(lib2divSI.o)
                0x00000000000069c2                __mspabi_divli
 .text.__modsi3
                0x0000000000006a12       0x4e /home/yannanli/msp430-gcc/lib/gcc/msp430-elf/9.2.0/430/libgcc.a(lib2divSI.o)
                0x0000000000006a12                __mspabi_remli
 .text.__udivsi3
                0x0000000000006a60        0xe /home/yannanli/msp430-gcc/lib/gcc/msp430-elf/9.2.0/430/libgcc.a(lib2divSI.o)
                0x0000000000006a60                __mspabi_divul
                0x0000000000006a60                __mspabi_divlu
 .text.__umodsi3
                0x0000000000006a6e        0xe /home/yannanli/msp430-gcc/lib/gcc/msp430-elf/9.2.0/430/libgcc.a(lib2divSI.o)
                0x0000000000006a6e                __mspabi_remul
 .text          0x0000000000006a7c       0x10 /home/yannanli/msp430-gcc/lib/gcc/msp430-elf/9.2.0/430/libgcc.a(epilogue.o)
                0x0000000000006a7c                __mspabi_func_epilog_7
                0x0000000000006a7e                __mspabi_func_epilog_6
                0x0000000000006a80                __mspabi_func_epilog_5
                0x0000000000006a82                __mspabi_func_epilog_4
                0x0000000000006a84                __mspabi_func_epilog_3
                0x0000000000006a86                __mspabi_func_epilog_2
                0x0000000000006a88                __mspabi_func_epilog_1
 .text          0x0000000000006a8c        0x0 /home/yannanli/msp430-gcc/lib/gcc/msp430-elf/9.2.0/430/libgcc.a(_udivdi3.o)
 .text.__udivdi3
                0x0000000000006a8c      0x414 /home/yannanli/msp430-gcc/lib/gcc/msp430-elf/9.2.0/430/libgcc.a(_udivdi3.o)
                0x0000000000006a8c                __mspabi_divull
 .text          0x0000000000006ea0        0x0 /home/yannanli/msp430-gcc/lib/gcc/msp430-elf/9.2.0/430/libgcc.a(slli.o)
 .text.__mspabi_slli_n
                0x0000000000006ea0       0x20 /home/yannanli/msp430-gcc/lib/gcc/msp430-elf/9.2.0/430/libgcc.a(slli.o)
                0x0000000000006ea0                __mspabi_slli_15
                0x0000000000006ea2                __mspabi_slli_14
                0x0000000000006ea4                __mspabi_slli_13
                0x0000000000006ea6                __mspabi_slli_12
                0x0000000000006ea8                __mspabi_slli_11
                0x0000000000006eaa                __mspabi_slli_10
                0x0000000000006eac                __mspabi_slli_9
                0x0000000000006eae                __mspabi_slli_8
                0x0000000000006eb0                __mspabi_slli_7
                0x0000000000006eb2                __mspabi_slli_6
                0x0000000000006eb4                __mspabi_slli_5
                0x0000000000006eb6                __mspabi_slli_4
                0x0000000000006eb8                __mspabi_slli_3
                0x0000000000006eba                __mspabi_slli_2
                0x0000000000006ebc                __mspabi_slli_1
 .text.__mspabi_slli
                0x0000000000006ec0        0xa /home/yannanli/msp430-gcc/lib/gcc/msp430-elf/9.2.0/430/libgcc.a(slli.o)
                0x0000000000006ec4                __mspabi_slli
 .text.__mspabi_slll_n
                0x0000000000006eca       0x3e /home/yannanli/msp430-gcc/lib/gcc/msp430-elf/9.2.0/430/libgcc.a(slli.o)
                0x0000000000006eca                __mspabi_slll_15
                0x0000000000006ece                __mspabi_slll_14
                0x0000000000006ed2                __mspabi_slll_13
                0x0000000000006ed6                __mspabi_slll_12
                0x0000000000006eda                __mspabi_slll_11
                0x0000000000006ede                __mspabi_slll_10
                0x0000000000006ee2                __mspabi_slll_9
                0x0000000000006ee6                __mspabi_slll_8
                0x0000000000006eea                __mspabi_slll_7
                0x0000000000006eee                __mspabi_slll_6
                0x0000000000006ef2                __mspabi_slll_5
                0x0000000000006ef6                __mspabi_slll_4
                0x0000000000006efa                __mspabi_slll_3
                0x0000000000006efe                __mspabi_slll_2
                0x0000000000006f02                __mspabi_slll_1
 .text.__mspabi_slll
                0x0000000000006f08        0xc /home/yannanli/msp430-gcc/lib/gcc/msp430-elf/9.2.0/430/libgcc.a(slli.o)
                0x0000000000006f0e                __mspabi_slll
 .text.__mspabi_sllll
                0x0000000000006f14       0x1e /home/yannanli/msp430-gcc/lib/gcc/msp430-elf/9.2.0/430/libgcc.a(slli.o)
                0x0000000000006f14                __mspabi_sllll
 .text          0x0000000000006f32        0x0 /home/yannanli/msp430-gcc/lib/gcc/msp430-elf/9.2.0/430/libgcc.a(srli.o)
 .text.__mspabi_srli_n
                0x0000000000006f32       0x3e /home/yannanli/msp430-gcc/lib/gcc/msp430-elf/9.2.0/430/libgcc.a(srli.o)
                0x0000000000006f32                __mspabi_srli_15
                0x0000000000006f36                __mspabi_srli_14
                0x0000000000006f3a                __mspabi_srli_13
                0x0000000000006f3e                __mspabi_srli_12
                0x0000000000006f42                __mspabi_srli_11
                0x0000000000006f46                __mspabi_srli_10
                0x0000000000006f4a                __mspabi_srli_9
                0x0000000000006f4e                __mspabi_srli_8
                0x0000000000006f52                __mspabi_srli_7
                0x0000000000006f56                __mspabi_srli_6
                0x0000000000006f5a                __mspabi_srli_5
                0x0000000000006f5e                __mspabi_srli_4
                0x0000000000006f62                __mspabi_srli_3
                0x0000000000006f66                __mspabi_srli_2
                0x0000000000006f6a                __mspabi_srli_1
 .text.__mspabi_srli
                0x0000000000006f70        0xc /home/yannanli/msp430-gcc/lib/gcc/msp430-elf/9.2.0/430/libgcc.a(srli.o)
                0x0000000000006f76                __mspabi_srli
 .text.__mspabi_srll_n
                0x0000000000006f7c       0x5c /home/yannanli/msp430-gcc/lib/gcc/msp430-elf/9.2.0/430/libgcc.a(srli.o)
                0x0000000000006f7c                __mspabi_srll_15
                0x0000000000006f82                __mspabi_srll_14
                0x0000000000006f88                __mspabi_srll_13
                0x0000000000006f8e                __mspabi_srll_12
                0x0000000000006f94                __mspabi_srll_11
                0x0000000000006f9a                __mspabi_srll_10
                0x0000000000006fa0                __mspabi_srll_9
                0x0000000000006fa6                __mspabi_srll_8
                0x0000000000006fac                __mspabi_srll_7
                0x0000000000006fb2                __mspabi_srll_6
                0x0000000000006fb8                __mspabi_srll_5
                0x0000000000006fbe                __mspabi_srll_4
                0x0000000000006fc4                __mspabi_srll_3
                0x0000000000006fca                __mspabi_srll_2
                0x0000000000006fd0                __mspabi_srll_1
 .text.__mspabi_srll
                0x0000000000006fd8        0xe /home/yannanli/msp430-gcc/lib/gcc/msp430-elf/9.2.0/430/libgcc.a(srli.o)
                0x0000000000006fe0                __mspabi_srll
 .text.__mspabi_srlll
                0x0000000000006fe6       0x20 /home/yannanli/msp430-gcc/lib/gcc/msp430-elf/9.2.0/430/libgcc.a(srli.o)
                0x0000000000006fe6                __mspabi_srlll
 .text          0x0000000000007006        0x0 /home/yannanli/msp430-gcc/lib/gcc/msp430-elf/9.2.0/430/libgcc.a(_clzdi2.o)
 .text.__clzdi2
                0x0000000000007006       0x64 /home/yannanli/msp430-gcc/lib/gcc/msp430-elf/9.2.0/430/libgcc.a(_clzdi2.o)
                0x0000000000007006                __clzdi2
 .text          0x000000000000706a        0x0 /home/yannanli/msp430-gcc/lib/gcc/msp430-elf/9.2.0/430/libgcc.a(_clz.o)
 .text          0x000000000000706a        0x0 /home/yannanli/msp430-gcc/lib/gcc/msp430-elf/9.2.0/430/libmul_none.a(lib2_mul_none.o)
 .text.__mulsi3
                0x000000000000706a       0x4e /home/yannanli/msp430-gcc/lib/gcc/msp430-elf/9.2.0/430/libmul_none.a(lib2_mul_none.o)
                0x000000000000706a                __mspabi_mpyl
 .text          0x00000000000070b8        0x0 /home/yannanli/msp430-gcc/lib/gcc/msp430-elf/9.2.0/430/libmul_none.a(mpy.o)
 .text.__mulhi3
                0x00000000000070b8       0x4a /home/yannanli/msp430-gcc/lib/gcc/msp430-elf/9.2.0/430/libmul_none.a(mpy.o)
                0x00000000000070b8                __mspabi_mpyi
 .text          0x0000000000007102        0x0 cputest.co
 .text          0x0000000000007102      0x240 msp430setup.o
                0x0000000000007102                __isr_3
                0x0000000000007102                rs232_rx_usart1
                0x0000000000007130                rs232_send
                0x0000000000007140                rs232_set_speed
                0x000000000000718e                rs232_init
                0x00000000000071b4                rs232_set_input
                0x00000000000071ba                putchar
                0x00000000000071ca                esb_sensors_init
                0x00000000000071d8                esb_sensors_on
                0x00000000000071e0                esb_sensors_off
                0x00000000000071e8                msp430_setup
                0x00000000000072dc                sbrk
                0x0000000000007336                splhigh_
                0x000000000000733e                splx_
 .text          0x0000000000007342       0xfa /usr/lib/gcc/msp430/4.6.3/../../../../msp430/lib/mmpy-16/libc.a(memcpy.o)
                0x0000000000007342                memcpy
 .text          0x000000000000743c       0x2c /usr/lib/gcc/msp430/4.6.3/../../../../msp430/lib/mmpy-16/libc.a(puts.o)
                0x000000000000743c                puts
 .text          0x0000000000007468        0x0 /usr/lib/gcc/msp430/4.6.3/mmpy-16/libcrt0.a(_reset_vector__.o)
 .text          0x0000000000007468        0x0 /usr/lib/gcc/msp430/4.6.3/mmpy-16/libcrt0.a(__watchdog_support.o)
 .text          0x0000000000007468        0x0 /usr/lib/gcc/msp430/4.6.3/mmpy-16/libcrt0.a(__init_stack.o)
 .text          0x0000000000007468        0x0 /usr/lib/gcc/msp430/4.6.3/mmpy-16/libcrt0.a(__low_level_init.o)
 .text          0x0000000000007468        0x0 /usr/lib/gcc/msp430/4.6.3/mmpy-16/libcrt0.a(_copy_data.o)
 .text          0x0000000000007468        0x0 /usr/lib/gcc/msp430/4.6.3/mmpy-16/libcrt0.a(_clear_bss.o)
 .text          0x0000000000007468        0x0 /usr/lib/gcc/msp430/4.6.3/mmpy-16/libcrt0.a(__stop_progExec__.o)
 .text          0x0000000000007468        0x0 /usr/lib/gcc/msp430/4.6.3/mmpy-16/libcrt0.a(_endless_loop__.o)
 .text          0x0000000000007468        0x0 /usr/lib/gcc/msp430/4.6.3/mmpy-16/libcrt0.a(_unexpected_.o)
 .text.crt0     0x0000000000007468        0x2 /usr/lib/gcc/msp430/4.6.3/mmpy-16/libcrt0.a(_unexpected_.o)
                0x0000000000007468                _unexpected_
                0x000000000000746a                . = ALIGN (0x2)

.rodata         0x0000000000007470      0xa56
                0x0000000000007470                . = ALIGN (0x2)
 *(.rodata .rodata.* .gnu.linkonce.r.*)
 .rodata        0x0000000000007470      0x940 1.o
 .rodata.cst16  0x0000000000007db0       0x10 1.o
 .rodata.__clz_tab
                0x0000000000007dc0      0x100 /home/yannanli/msp430-gcc/lib/gcc/msp430-elf/9.2.0/430/libgcc.a(_clz.o)
                0x0000000000007dc0                __clz_tab
 .rodata        0x0000000000007ec0        0x5 cputest.co
                0x0000000000007ec6                . = ALIGN (0x2)
 *fill*         0x0000000000007ec5        0x1 00
                0x0000000000007ec6                _etext = .

.data           0x0000000000001100       0xf2 load address 0x0000000000007ed0
                0x0000000000001100                . = ALIGN (0x2)
                0x0000000000001100                PROVIDE (__data_start, .)
 *(.data .data.* .gnu.linkonce.d.*)
 .data          0x0000000000001100        0x0 /usr/lib/gcc/msp430/4.6.3/mmpy-16/crt0ivtbl16.o
 .data          0x0000000000001100       0xf0 1.o
                0x0000000000001100                key_schedule
 .data          0x00000000000011f0        0x0 /home/yannanli/msp430-gcc/lib/gcc/msp430-elf/9.2.0/430/libgcc.a(lib2divSI.o)
 .data          0x00000000000011f0        0x0 /home/yannanli/msp430-gcc/lib/gcc/msp430-elf/9.2.0/430/libgcc.a(epilogue.o)
 .data          0x00000000000011f0        0x0 /home/yannanli/msp430-gcc/lib/gcc/msp430-elf/9.2.0/430/libgcc.a(_udivdi3.o)
 .data          0x00000000000011f0        0x0 /home/yannanli/msp430-gcc/lib/gcc/msp430-elf/9.2.0/430/libgcc.a(slli.o)
 .data          0x00000000000011f0        0x0 /home/yannanli/msp430-gcc/lib/gcc/msp430-elf/9.2.0/430/libgcc.a(srli.o)
 .data          0x00000000000011f0        0x0 /home/yannanli/msp430-gcc/lib/gcc/msp430-elf/9.2.0/430/libgcc.a(_clzdi2.o)
 .data          0x00000000000011f0        0x0 /home/yannanli/msp430-gcc/lib/gcc/msp430-elf/9.2.0/430/libgcc.a(_clz.o)
 .data          0x00000000000011f0        0x0 /home/yannanli/msp430-gcc/lib/gcc/msp430-elf/9.2.0/430/libmul_none.a(lib2_mul_none.o)
 .data          0x00000000000011f0        0x0 /home/yannanli/msp430-gcc/lib/gcc/msp430-elf/9.2.0/430/libmul_none.a(mpy.o)
 .data          0x00000000000011f0        0x0 cputest.co
 .data          0x00000000000011f0        0x2 msp430setup.o
 .data          0x00000000000011f2        0x0 /usr/lib/gcc/msp430/4.6.3/../../../../msp430/lib/mmpy-16/libc.a(memcpy.o)
 .data          0x00000000000011f2        0x0 /usr/lib/gcc/msp430/4.6.3/../../../../msp430/lib/mmpy-16/libc.a(puts.o)
 .data          0x00000000000011f2        0x0 /usr/lib/gcc/msp430/4.6.3/mmpy-16/libcrt0.a(_reset_vector__.o)
 .data          0x00000000000011f2        0x0 /usr/lib/gcc/msp430/4.6.3/mmpy-16/libcrt0.a(__watchdog_support.o)
 .data          0x00000000000011f2        0x0 /usr/lib/gcc/msp430/4.6.3/mmpy-16/libcrt0.a(__init_stack.o)
 .data          0x00000000000011f2        0x0 /usr/lib/gcc/msp430/4.6.3/mmpy-16/libcrt0.a(__low_level_init.o)
 .data          0x00000000000011f2        0x0 /usr/lib/gcc/msp430/4.6.3/mmpy-16/libcrt0.a(_copy_data.o)
 .data          0x00000000000011f2        0x0 /usr/lib/gcc/msp430/4.6.3/mmpy-16/libcrt0.a(_clear_bss.o)
 .data          0x00000000000011f2        0x0 /usr/lib/gcc/msp430/4.6.3/mmpy-16/libcrt0.a(__stop_progExec__.o)
 .data          0x00000000000011f2        0x0 /usr/lib/gcc/msp430/4.6.3/mmpy-16/libcrt0.a(_endless_loop__.o)
 .data          0x00000000000011f2        0x0 /usr/lib/gcc/msp430/4.6.3/mmpy-16/libcrt0.a(_unexpected_.o)
                0x00000000000011f2                . = ALIGN (0x2)
                0x00000000000011f2                _edata = .
                0x0000000000007ed0                PROVIDE (__data_load_start, LOADADDR (.data))
                0x00000000000000f2                PROVIDE (__data_size, SIZEOF (.data))

.bss            0x00000000000011f2        0x2 load address 0x0000000000007fc2
                0x00000000000011f2                PROVIDE (__bss_start, .)
 *(.bss .bss.*)
 .bss           0x00000000000011f2        0x0 /usr/lib/gcc/msp430/4.6.3/mmpy-16/crt0ivtbl16.o
 .bss           0x00000000000011f2        0x0 1.o
 .bss           0x00000000000011f2        0x0 /home/yannanli/msp430-gcc/lib/gcc/msp430-elf/9.2.0/430/libgcc.a(lib2divSI.o)
 .bss           0x00000000000011f2        0x0 /home/yannanli/msp430-gcc/lib/gcc/msp430-elf/9.2.0/430/libgcc.a(epilogue.o)
 .bss           0x00000000000011f2        0x0 /home/yannanli/msp430-gcc/lib/gcc/msp430-elf/9.2.0/430/libgcc.a(_udivdi3.o)
 .bss           0x00000000000011f2        0x0 /home/yannanli/msp430-gcc/lib/gcc/msp430-elf/9.2.0/430/libgcc.a(slli.o)
 .bss           0x00000000000011f2        0x0 /home/yannanli/msp430-gcc/lib/gcc/msp430-elf/9.2.0/430/libgcc.a(srli.o)
 .bss           0x00000000000011f2        0x0 /home/yannanli/msp430-gcc/lib/gcc/msp430-elf/9.2.0/430/libgcc.a(_clzdi2.o)
 .bss           0x00000000000011f2        0x0 /home/yannanli/msp430-gcc/lib/gcc/msp430-elf/9.2.0/430/libgcc.a(_clz.o)
 .bss           0x00000000000011f2        0x0 /home/yannanli/msp430-gcc/lib/gcc/msp430-elf/9.2.0/430/libmul_none.a(lib2_mul_none.o)
 .bss           0x00000000000011f2        0x0 /home/yannanli/msp430-gcc/lib/gcc/msp430-elf/9.2.0/430/libmul_none.a(mpy.o)
 .bss           0x00000000000011f2        0x0 cputest.co
 .bss           0x00000000000011f2        0x2 msp430setup.o
 .bss           0x00000000000011f4        0x0 /usr/lib/gcc/msp430/4.6.3/../../../../msp430/lib/mmpy-16/libc.a(memcpy.o)
 .bss           0x00000000000011f4        0x0 /usr/lib/gcc/msp430/4.6.3/../../../../msp430/lib/mmpy-16/libc.a(puts.o)
 .bss           0x00000000000011f4        0x0 /usr/lib/gcc/msp430/4.6.3/mmpy-16/libcrt0.a(_reset_vector__.o)
 .bss           0x00000000000011f4        0x0 /usr/lib/gcc/msp430/4.6.3/mmpy-16/libcrt0.a(__watchdog_support.o)
 .bss           0x00000000000011f4        0x0 /usr/lib/gcc/msp430/4.6.3/mmpy-16/libcrt0.a(__init_stack.o)
 .bss           0x00000000000011f4        0x0 /usr/lib/gcc/msp430/4.6.3/mmpy-16/libcrt0.a(__low_level_init.o)
 .bss           0x00000000000011f4        0x0 /usr/lib/gcc/msp430/4.6.3/mmpy-16/libcrt0.a(_copy_data.o)
 .bss           0x00000000000011f4        0x0 /usr/lib/gcc/msp430/4.6.3/mmpy-16/libcrt0.a(_clear_bss.o)
 .bss           0x00000000000011f4        0x0 /usr/lib/gcc/msp430/4.6.3/mmpy-16/libcrt0.a(__stop_progExec__.o)
 .bss           0x00000000000011f4        0x0 /usr/lib/gcc/msp430/4.6.3/mmpy-16/libcrt0.a(_endless_loop__.o)
 .bss           0x00000000000011f4        0x0 /usr/lib/gcc/msp430/4.6.3/mmpy-16/libcrt0.a(_unexpected_.o)
 *(COMMON)
                0x00000000000011f4                . = ALIGN (0x2)
                0x00000000000011f4                PROVIDE (__bss_end, .)
                0x0000000000000002                PROVIDE (__bss_size, SIZEOF (.bss))

.noinit         0x00000000000011f4        0x2 load address 0x0000000000007fc2
                0x00000000000011f4                PROVIDE (__noinit_start, .)
 *(.noinit .noinit.*)
 .noinit.crt0   0x00000000000011f4        0x2 /usr/lib/gcc/msp430/4.6.3/mmpy-16/libcrt0.a(__watchdog_support.o)
                0x00000000000011f4                __wdt_clear_value
                0x00000000000011f6                . = ALIGN (0x2)
                0x00000000000011f6                PROVIDE (__noinit_end, .)
                0x00000000000011f6                . = ALIGN (0x2)
                0x00000000000011f6                _end = .

.infomem        0x0000000000001000        0x0
 *(.infomem)
                0x0000000000001000                . = ALIGN (0x2)
 *(.infomem.*)

.infomemnobits  0x0000000000001000        0x0
 *(.infomemnobits)
                0x0000000000001000                . = ALIGN (0x2)
 *(.infomemnobits.*)

.infoa
 *(.infoa .infoa.*)

.infob
 *(.infob .infob.*)

.infoc
 *(.infoc .infoc.*)

.infod
 *(.infod .infod.*)

.vectors        0x000000000000ffe0       0x20
                0x000000000000ffe0                PROVIDE (__vectors_start, .)
 *(.vectors*)
 .vectors       0x000000000000ffe0       0x20 /usr/lib/gcc/msp430/4.6.3/mmpy-16/crt0ivtbl16.o
                0x000000000000ffe0                __ivtbl_16
                0x0000000000010000                _vectors_end = .

.fartext        0x0000000000000000        0x0
                0x0000000000000000                . = ALIGN (0x2)
 *(.fartext)
                0x0000000000000000                . = ALIGN (0x2)
 *(.fartext.*)
                0x0000000000000000                _efartext = .

.profiler
 *(.profiler)

.stab
 *(.stab)

.stabstr
 *(.stabstr)

.stab.excl
 *(.stab.excl)

.stab.exclstr
 *(.stab.exclstr)

.stab.index
 *(.stab.index)

.stab.indexstr
 *(.stab.indexstr)

.comment        0x0000000000000000       0x5c
 *(.comment)
 .comment       0x0000000000000000       0x23 1.o
                                         0x24 (size before relaxing)
 .comment       0x0000000000000023       0x39 /home/yannanli/msp430-gcc/lib/gcc/msp430-elf/9.2.0/430/libgcc.a(lib2divSI.o)
                                         0x3a (size before relaxing)
 .comment       0x0000000000000000       0x3a /home/yannanli/msp430-gcc/lib/gcc/msp430-elf/9.2.0/430/libgcc.a(_udivdi3.o)
 .comment       0x0000000000000000       0x3a /home/yannanli/msp430-gcc/lib/gcc/msp430-elf/9.2.0/430/libgcc.a(_clzdi2.o)
 .comment       0x0000000000000000       0x3a /home/yannanli/msp430-gcc/lib/gcc/msp430-elf/9.2.0/430/libgcc.a(_clz.o)
 .comment       0x0000000000000000       0x3a /home/yannanli/msp430-gcc/lib/gcc/msp430-elf/9.2.0/430/libmul_none.a(lib2_mul_none.o)
 .comment       0x0000000000000000       0x3a /home/yannanli/msp430-gcc/lib/gcc/msp430-elf/9.2.0/430/libmul_none.a(mpy.o)

.debug
 *(.debug)

.line
 *(.line)

.debug_srcinfo
 *(.debug_srcinfo)

.debug_sfnames
 *(.debug_sfnames)

.debug_aranges  0x0000000000000000       0xc8
 *(.debug_aranges)
 .debug_aranges
                0x0000000000000000       0x14 cputest.co
 .debug_aranges
                0x0000000000000014       0x14 msp430setup.o
 .debug_aranges
                0x0000000000000028       0x14 /usr/lib/gcc/msp430/4.6.3/../../../../msp430/lib/mmpy-16/libc.a(memcpy.o)
 .debug_aranges
                0x000000000000003c       0x14 /usr/lib/gcc/msp430/4.6.3/../../../../msp430/lib/mmpy-16/libc.a(puts.o)
 .debug_aranges
                0x0000000000000050       0x14 /usr/lib/gcc/msp430/4.6.3/mmpy-16/libcrt0.a(__watchdog_support.o)
 .debug_aranges
                0x0000000000000064       0x14 /usr/lib/gcc/msp430/4.6.3/mmpy-16/libcrt0.a(__init_stack.o)
 .debug_aranges
                0x0000000000000078       0x14 /usr/lib/gcc/msp430/4.6.3/mmpy-16/libcrt0.a(_copy_data.o)
 .debug_aranges
                0x000000000000008c       0x14 /usr/lib/gcc/msp430/4.6.3/mmpy-16/libcrt0.a(_clear_bss.o)
 .debug_aranges
                0x00000000000000a0       0x14 /usr/lib/gcc/msp430/4.6.3/mmpy-16/libcrt0.a(_endless_loop__.o)
 .debug_aranges
                0x00000000000000b4       0x14 /usr/lib/gcc/msp430/4.6.3/mmpy-16/libcrt0.a(_unexpected_.o)

.debug_pubnames
 *(.debug_pubnames)

.debug_info     0x0000000000000000      0xc7c
 *(.debug_info)
 .debug_info    0x0000000000000000       0x80 cputest.co
 .debug_info    0x0000000000000080      0x57f msp430setup.o
 .debug_info    0x00000000000005ff      0x113 /usr/lib/gcc/msp430/4.6.3/../../../../msp430/lib/mmpy-16/libc.a(memcpy.o)
 .debug_info    0x0000000000000712       0x96 /usr/lib/gcc/msp430/4.6.3/../../../../msp430/lib/mmpy-16/libc.a(puts.o)
 .debug_info    0x00000000000007a8       0xce /usr/lib/gcc/msp430/4.6.3/mmpy-16/libcrt0.a(__watchdog_support.o)
 .debug_info    0x0000000000000876       0xce /usr/lib/gcc/msp430/4.6.3/mmpy-16/libcrt0.a(__init_stack.o)
 .debug_info    0x0000000000000944       0xce /usr/lib/gcc/msp430/4.6.3/mmpy-16/libcrt0.a(_copy_data.o)
 .debug_info    0x0000000000000a12       0xce /usr/lib/gcc/msp430/4.6.3/mmpy-16/libcrt0.a(_clear_bss.o)
 .debug_info    0x0000000000000ae0       0xce /usr/lib/gcc/msp430/4.6.3/mmpy-16/libcrt0.a(_endless_loop__.o)
 .debug_info    0x0000000000000bae       0xce /usr/lib/gcc/msp430/4.6.3/mmpy-16/libcrt0.a(_unexpected_.o)
 *(.gnu.linkonce.wi.*)

.debug_abbrev   0x0000000000000000      0x413
 *(.debug_abbrev)
 .debug_abbrev  0x0000000000000000       0x43 cputest.co
 .debug_abbrev  0x0000000000000043      0x261 msp430setup.o
 .debug_abbrev  0x00000000000002a4       0x97 /usr/lib/gcc/msp430/4.6.3/../../../../msp430/lib/mmpy-16/libc.a(memcpy.o)
 .debug_abbrev  0x000000000000033b       0x60 /usr/lib/gcc/msp430/4.6.3/../../../../msp430/lib/mmpy-16/libc.a(puts.o)
 .debug_abbrev  0x000000000000039b       0x14 /usr/lib/gcc/msp430/4.6.3/mmpy-16/libcrt0.a(__watchdog_support.o)
 .debug_abbrev  0x00000000000003af       0x14 /usr/lib/gcc/msp430/4.6.3/mmpy-16/libcrt0.a(__init_stack.o)
 .debug_abbrev  0x00000000000003c3       0x14 /usr/lib/gcc/msp430/4.6.3/mmpy-16/libcrt0.a(_copy_data.o)
 .debug_abbrev  0x00000000000003d7       0x14 /usr/lib/gcc/msp430/4.6.3/mmpy-16/libcrt0.a(_clear_bss.o)
 .debug_abbrev  0x00000000000003eb       0x14 /usr/lib/gcc/msp430/4.6.3/mmpy-16/libcrt0.a(_endless_loop__.o)
 .debug_abbrev  0x00000000000003ff       0x14 /usr/lib/gcc/msp430/4.6.3/mmpy-16/libcrt0.a(_unexpected_.o)

.debug_line     0x0000000000000000      0x640
 *(.debug_line)
 .debug_line    0x0000000000000000       0x3e cputest.co
 .debug_line    0x000000000000003e      0x16f msp430setup.o
 .debug_line    0x00000000000001ad       0xe9 /usr/lib/gcc/msp430/4.6.3/../../../../msp430/lib/mmpy-16/libc.a(memcpy.o)
 .debug_line    0x0000000000000296       0x4d /usr/lib/gcc/msp430/4.6.3/../../../../msp430/lib/mmpy-16/libc.a(puts.o)
 .debug_line    0x00000000000002e3       0x8f /usr/lib/gcc/msp430/4.6.3/mmpy-16/libcrt0.a(__watchdog_support.o)
 .debug_line    0x0000000000000372       0x8d /usr/lib/gcc/msp430/4.6.3/mmpy-16/libcrt0.a(__init_stack.o)
 .debug_line    0x00000000000003ff       0x93 /usr/lib/gcc/msp430/4.6.3/mmpy-16/libcrt0.a(_copy_data.o)
 .debug_line    0x0000000000000492       0x93 /usr/lib/gcc/msp430/4.6.3/mmpy-16/libcrt0.a(_clear_bss.o)
 .debug_line    0x0000000000000525       0x8e /usr/lib/gcc/msp430/4.6.3/mmpy-16/libcrt0.a(_endless_loop__.o)
 .debug_line    0x00000000000005b3       0x8d /usr/lib/gcc/msp430/4.6.3/mmpy-16/libcrt0.a(_unexpected_.o)

.debug_frame    0x0000000000000000      0x156
 *(.debug_frame)
 .debug_frame   0x0000000000000000       0x1e cputest.co
 .debug_frame   0x000000000000001e       0xdc msp430setup.o
 .debug_frame   0x00000000000000fa       0x38 /usr/lib/gcc/msp430/4.6.3/../../../../msp430/lib/mmpy-16/libc.a(memcpy.o)
 .debug_frame   0x0000000000000132       0x24 /usr/lib/gcc/msp430/4.6.3/../../../../msp430/lib/mmpy-16/libc.a(puts.o)

.debug_str      0x0000000000000000      0x3c6
 *(.debug_str)
 .debug_str     0x0000000000000000       0xd9 cputest.co
                                        0x112 (size before relaxing)
 .debug_str     0x00000000000000d9      0x26a msp430setup.o
                                        0x458 (size before relaxing)
 .debug_str     0x0000000000000343       0x6e /usr/lib/gcc/msp430/4.6.3/../../../../msp430/lib/mmpy-16/libc.a(memcpy.o)
                                        0x122 (size before relaxing)
 .debug_str     0x00000000000003b1       0x15 /usr/lib/gcc/msp430/4.6.3/../../../../msp430/lib/mmpy-16/libc.a(puts.o)
                                         0xfc (size before relaxing)

.debug_loc      0x0000000000000000      0x308
 *(.debug_loc)
 .debug_loc     0x0000000000000000       0xf2 msp430setup.o
 .debug_loc     0x00000000000000f2      0x1f0 /usr/lib/gcc/msp430/4.6.3/../../../../msp430/lib/mmpy-16/libc.a(memcpy.o)
 .debug_loc     0x00000000000002e2       0x26 /usr/lib/gcc/msp430/4.6.3/../../../../msp430/lib/mmpy-16/libc.a(puts.o)

.debug_macinfo
 *(.debug_macinfo)

.debug_pubtypes
 *(.debug_pubtypes)

.debug_ranges   0x0000000000000000        0x8
 *(.debug_ranges)
 .debug_ranges  0x0000000000000000        0x8 cputest.co
                0x0000000000003900                PROVIDE (__stack, (ORIGIN (ram) + 0x2800))
                0x0000000000007ec6                PROVIDE (__data_start_rom, _etext)
                0x0000000000007fb8                PROVIDE (__data_end_rom, (_etext + SIZEOF (.data)))
OUTPUT(cputest.firmware elf32-msp430)

.note.GNU-stack
                0x0000000000000000        0x0
 .note.GNU-stack
                0x0000000000000000        0x0 1.o

.MSP430.attributes
                0x0000000000000000       0xcf
 .MSP430.attributes
                0x0000000000000000       0x17 /home/yannanli/msp430-gcc/lib/gcc/msp430-elf/9.2.0/430/libgcc.a(lib2divSI.o)
 .MSP430.attributes
                0x0000000000000017       0x17 /home/yannanli/msp430-gcc/lib/gcc/msp430-elf/9.2.0/430/libgcc.a(epilogue.o)
 .MSP430.attributes
                0x000000000000002e       0x17 /home/yannanli/msp430-gcc/lib/gcc/msp430-elf/9.2.0/430/libgcc.a(_udivdi3.o)
 .MSP430.attributes
                0x0000000000000045       0x17 /home/yannanli/msp430-gcc/lib/gcc/msp430-elf/9.2.0/430/libgcc.a(slli.o)
 .MSP430.attributes
                0x000000000000005c       0x17 /home/yannanli/msp430-gcc/lib/gcc/msp430-elf/9.2.0/430/libgcc.a(srli.o)
 .MSP430.attributes
                0x0000000000000073       0x17 /home/yannanli/msp430-gcc/lib/gcc/msp430-elf/9.2.0/430/libgcc.a(_clzdi2.o)
 .MSP430.attributes
                0x000000000000008a       0x17 /home/yannanli/msp430-gcc/lib/gcc/msp430-elf/9.2.0/430/libgcc.a(_clz.o)
 .MSP430.attributes
                0x00000000000000a1       0x17 /home/yannanli/msp430-gcc/lib/gcc/msp430-elf/9.2.0/430/libmul_none.a(lib2_mul_none.o)
 .MSP430.attributes
                0x00000000000000b8       0x17 /home/yannanli/msp430-gcc/lib/gcc/msp430-elf/9.2.0/430/libmul_none.a(mpy.o)

.eh_frame       0x0000000000000200       0x6e
 .eh_frame      0x0000000000000200       0x6e /home/yannanli/msp430-gcc/lib/gcc/msp430-elf/9.2.0/430/libgcc.a(_udivdi3.o)
